[diego.carvalho@sdumont13 bin]$ pwd
/scratch/app/raxml/8.2/bin
[diego.carvalho@sdumont13 bin]$ ldd *
raxmlHPC:
	linux-vdso.so.1 =>  (0x00007fffe8bcb000)
	libm.so.6 => /usr/lib64/libm.so.6 (0x00007fd308dcf000)
	libc.so.6 => /usr/lib64/libc.so.6 (0x00007fd308a02000)
	/lib64/ld-linux-x86-64.so.2 (0x00007fd3090d1000)
raxmlHPC-HYBRID:
	linux-vdso.so.1 =>  (0x00007fff92fa1000)
	libm.so.6 => /usr/lib64/libm.so.6 (0x00007f30d4e03000)
	libmpi.so.20 => not found
	libpthread.so.0 => /usr/lib64/libpthread.so.0 (0x00007f30d4be7000)
	libc.so.6 => /usr/lib64/libc.so.6 (0x00007f30d481a000)
	/lib64/ld-linux-x86-64.so.2 (0x00007f30d5105000)
raxmlHPC-MPI:
	linux-vdso.so.1 =>  (0x00007ffccc9e3000)
	libm.so.6 => /usr/lib64/libm.so.6 (0x00007f3be70d5000)
	libmpi.so.20 => not found
	libpthread.so.0 => /usr/lib64/libpthread.so.0 (0x00007f3be6eb9000)
	libc.so.6 => /usr/lib64/libc.so.6 (0x00007f3be6aec000)
	/lib64/ld-linux-x86-64.so.2 (0x00007f3be73d7000)
raxmlHPC-PTHREADS:
	linux-vdso.so.1 =>  (0x00007ffea6bbf000)
	libm.so.6 => /usr/lib64/libm.so.6 (0x00007f9ecaa77000)
	libpthread.so.0 => /usr/lib64/libpthread.so.0 (0x00007f9eca85b000)
	libc.so.6 => /usr/lib64/libc.so.6 (0x00007f9eca48e000)
	/lib64/ld-linux-x86-64.so.2 (0x00007f9ecad79000)


[diego.carvalho@sdumont13 ~]$ pwd
/prj/cenapadrjsd/diego.carvalho
[diego.carvalho@sdumont13 ~]$ /scratch/app/python/3.8.2-gcc-7.4-gnu/bin/python3
Python 3.8.2 (default, Mar 13 2020, 18:18:11)
[GCC 7.4.0] on linux
Type "help", "copyright", "credits" or "license" for more information.
>>>
[diego.carvalho@sdumont13 ~]$ ldd /scratch/app/python/3.8.2-gcc-7.4-gnu/bin/python3
	linux-vdso.so.1 =>  (0x00007ffdde9f7000)
	libcrypt.so.1 => /usr/lib64/libcrypt.so.1 (0x00007f736282d000)
	libpthread.so.0 => /usr/lib64/libpthread.so.0 (0x00007f7362611000)
	libdl.so.2 => /usr/lib64/libdl.so.2 (0x00007f736240d000)
	libutil.so.1 => /usr/lib64/libutil.so.1 (0x00007f736220a000)
	libm.so.6 => /usr/lib64/libm.so.6 (0x00007f7361f08000)
	libc.so.6 => /usr/lib64/libc.so.6 (0x00007f7361b3b000)
	libfreebl3.so => /usr/lib64/libfreebl3.so (0x00007f7361938000)
	/lib64/ld-linux-x86-64.so.2 (0x00007f7362a64000)
[diego.carvalho@sdumont13 ~]$

